accounts.google.com
adobe.com
ai.google.dev
aistudio.google.com
akamaihd.net
animakima.ru
apis.google.com
apps.google.com
appsgenaiserver-pa.clients6.google.com
ardshinbank.am
atlassian.net
bard.google.com
bamboohr.com
booking.com
chatgpt.com
claude.io
clients1.google.com
clients2.google.com
clients3.google.com
clients4.google.com
clients5.google.com
clients6.google.com
cloudflare.com
content-autofill.googleapis.com
content-push.googleapis.com
datadoghq.eu
docs.google.com
duckduckgo.com
enbd.com
epicgames.com
facebook.com
fbcdn.net
feedback.googleusercontent.com
figma.com
flow.google
flow.labs.google.com
fonts.googleapis.com
fonts.gstatic.com
gemini.google
gemini.google.com
generativelanguage.googleapis.com
gitlab.com
google.com
googleapis.com
googlevideo.com
gphoto.app
gstatic.com
hangouts.googleapis.com
imagen.google.com
instagram.com
intel.com
jnn-pa.googleapis.com
labs.google
labs.google.com
latticehq.com
lh3.googleusercontent.com
linkedin.com
live.com
meduza.io
meet.google.com
meetings.googleapis.com
meethue.com
miro.com
microsoft.com
netflix.com
notebooklm.google
notebooklm.google.com
nvidia.com
oauth2.googleapis.com
oculus.com
ogads-pa.clients6.google.com
ogs.google.com
one.google.com
openai.com
opsgenie.com
optimizationguide-pa.googleapis.com
patreon.com
philips-hue.com
pinpointhq.com
play.google.com
play.googleapis.com
playstation.com
playstation.net
pki.goog
pornhub.com
proactivebackend-pa.googleapis.com
reddit.com
remotepass.com
sexlikereal.com
slack.com
slackb.com
sonyentertainmentnetwork.com
ssl.gstatic.com
storage.googleapis.com
tabby.ai
telegram.org
t.me
thebell.io
twingate.com
v2.vost.pw
veo.google.com
xbox.com
xnxx.com
xvideos.com
youtu.be
youtube.com
zoom.us
www.google.com
www.googleapis.com
www.gstatic.com
