accounts.google.com
adobe.com
ai.google.dev
akamaihd.net
animakima.ru
apis.google.com
apps.google.com
ardshinbank.am
atlassian.net
bard.google.com
bamboohr.com
booking.com
chatgpt.com
claude.io
clients1.google.com
clients2.google.com
clients3.google.com
clients4.google.com
clients5.google.com
clients6.google.com
cloudflare.com
datadoghq.eu
docs.google.com
duckduckgo.com
enbd.com
epicgames.com
facebook.com
fbcdn.net
feedback.googleusercontent.com
figma.com
fonts.gstatic.com
gemini.google.com
gitlab.com
google.com
googleapis.com
googlevideo.com
gphoto.app
gstatic.com
hangouts.googleapis.com
imagen.google.com
instagram.com
intel.com
latticehq.com
lh3.googleusercontent.com
linkedin.com
live.com
labs.google.com
flow.labs.google.com
flow.google.com
meduza.io
meet.google.com
meetings.googleapis.com
meethue.com
miro.com
microsoft.com
netflix.com
notebooklm.google.com
nvidia.com
oauth2.googleapis.com
oculus.com
openai.com
opsgenie.com
patreon.com
philips-hue.com
pinpointhq.com
play.google.com
play.googleapis.com
playstation.com
playstation.net
pki.goog
pornhub.com
reddit.com
remotepass.com
sexlikereal.com
slack.com
slackb.com
sonyentertainmentnetwork.com
storage.googleapis.com
tabby.ai
telegram.org
thebell.io
t.me
twingate.com
v2.vost.pw
veo.google.com
xbox.com
xnxx.com
xvideos.com
youtu.be
youtube.com
zoom.us
www.google.com
www.gstatic.com
api.google.com
