adobe.com
ai.google.dev
akamaihd.net
animakima.ru
ardshinbank.am
atlassian.net
bamboohr.com
booking.com
chatgpt.com
claude.io
cloudflare.com
datadoghq.eu
duckduckgo.com
enbd.com
epicgames.com
facebook.com
fbcdn.net
feedback.googleusercontent.com
figma.com
flow.google
gemini.google
gitlab.com
google.com
googleapis.com
googlevideo.com
gphoto.app
gstatic.com
instagram.com
intel.com
labs.google
latticehq.com
lh3.googleusercontent.com
linkedin.com
live.com
meduza.io
meethue.com
microsoft.com
miro.com
netflix.com
notebooklm.google
nvidia.com
oculus.com
openai.com
opsgenie.com
patreon.com
philips-hue.com
pinpointhq.com
pki.goog
playstation.com
playstation.net
pornhub.com
proton.me
protonmail.com
protonvpn.com
reddit.com
remotepass.com
sexlikereal.com
signal.org
slack.com
slackb.com
sonyentertainmentnetwork.com
t.me
tabby.ai
tabby.sa
telegram.org
thebell.io
twingate.com
v2.vost.pw
xbox.com
xnxx.com
xvideos.com
youtu.be
youtube.com
zoom.us

# Twingate relay/STUN/controller GCP IPs — twingate.com domain entry doesn't
# help because libsdwan resolves these via its own DoH and connects by IP.
# /16 aggregates cover relay rotation across europe-west*, asia-east*, us-*.
34.6.0.0/16
34.13.0.0/16
34.39.0.0/16
34.65.0.0/16
34.89.0.0/16
34.90.0.0/16
34.91.0.0/16
34.107.0.0/16
34.111.0.0/16
34.117.0.0/16
34.158.0.0/16
34.159.0.0/16
34.179.0.0/16
